/home/work_nfs23/hkxie/hw_proj/CosyVoice/data_list/splits/xiaoyuzhou_top500k_100k_with_code_10k/part_0000
/home/work_nfs23/hkxie/hw_proj/CosyVoice/data_list/splits/xiaoyuzhou_top500k_100k_with_code_10k/part_0001
/home/work_nfs23/hkxie/hw_proj/CosyVoice/data_list/splits/xiaoyuzhou_top500k_100k_with_code_10k/part_0002
/home/work_nfs23/hkxie/hw_proj/CosyVoice/data_list/splits/xiaoyuzhou_top500k_100k_with_code_10k/part_0003
/home/work_nfs23/hkxie/hw_proj/CosyVoice/data_list/splits/xiaoyuzhou_top500k_100k_with_code_10k/part_0004
/home/work_nfs23/hkxie/hw_proj/CosyVoice/data_list/splits/xiaoyuzhou_top500k_100k_with_code_10k/part_0005
/home/work_nfs23/hkxie/hw_proj/CosyVoice/data_list/splits/xiaoyuzhou_top500k_100k_with_code_10k/part_0006
/home/work_nfs23/hkxie/hw_proj/CosyVoice/data_list/splits/xiaoyuzhou_top500k_100k_with_code_10k/part_0007
/home/work_nfs23/hkxie/hw_proj/CosyVoice/data_list/splits/xiaoyuzhou_top500k_100k_with_code_10k/part_0008
/home/work_nfs23/hkxie/hw_proj/CosyVoice/data_list/splits/xiaoyuzhou_top500k_100k_with_code_10k/part_0009
/home/work_nfs23/hkxie/hw_proj/CosyVoice/data_list/splits/shenhu_filter_wer/part_000.jsonl
/home/work_nfs23/hkxie/hw_proj/CosyVoice/data_list/splits/shenhu_filter_wer/part_001.jsonl
/home/work_nfs23/hkxie/hw_proj/CosyVoice/data_list/splits/shenhu_filter_wer/part_002.jsonl
/home/work_nfs23/hkxie/hw_proj/CosyVoice/data_list/splits/shenhu_filter_wer/part_003.jsonl
/home/work_nfs23/hkxie/hw_proj/CosyVoice/data_list/splits/shenhu_filter_wer/part_004.jsonl
/home/work_nfs23/hkxie/hw_proj/CosyVoice/data_list/splits/shenhu_filter_wer/part_005.jsonl
/home/work_nfs23/hkxie/hw_proj/CosyVoice/data_list/simluation/my_all_with_s3token.jsonl