/home/work_nfs23/hkxie/hw_proj/CosyVoice/data_list/splits/xiaoyuzhou_10k/part_0000
/home/work_nfs23/hkxie/hw_proj/CosyVoice/data_list/splits/xiaoyuzhou_10k/part_0001
/home/work_nfs23/hkxie/hw_proj/CosyVoice/data_list/splits/xiaoyuzhou_10k/part_0002
/home/work_nfs23/hkxie/hw_proj/CosyVoice/data_list/splits/xiaoyuzhou_10k/part_0003
/home/work_nfs23/hkxie/hw_proj/CosyVoice/data_list/splits/xiaoyuzhou_10k/part_0004
/home/work_nfs23/hkxie/hw_proj/CosyVoice/data_list/splits/xiaoyuzhou_10k/part_0005
/home/work_nfs23/hkxie/hw_proj/CosyVoice/data_list/splits/xiaoyuzhou_10k/part_0006
/home/work_nfs23/hkxie/hw_proj/CosyVoice/data_list/splits/xiaoyuzhou_10k/part_0007
/home/work_nfs23/hkxie/hw_proj/CosyVoice/data_list/splits/xiaoyuzhou_10k/part_0008
/home/work_nfs23/hkxie/hw_proj/CosyVoice/data_list/splits/xiaoyuzhou_10k/part_0009
/home/work_nfs23/hkxie/hw_proj/CosyVoice/data_list/splits/F03_10k/part_0000
/home/work_nfs23/hkxie/hw_proj/CosyVoice/data_list/splits/F03_10k/part_0001
/home/work_nfs23/hkxie/hw_proj/CosyVoice/data_list/splits/F03_10k/part_0002

